Archive member included to satisfy reference by file (symbol)

c:/program files (x86)/atmel/studio/7.0/toolchain/avr8/avr8-gnu-toolchain/bin/../lib/gcc/avr/5.4.0/../../../../avr/lib/avrxmega6\libm.a(addsf3.o)
                              NHD0420Driver.o (__subsf3)
c:/program files (x86)/atmel/studio/7.0/toolchain/avr8/avr8-gnu-toolchain/bin/../lib/gcc/avr/5.4.0/../../../../avr/lib/avrxmega6\libm.a(addsf3x.o)
                              c:/program files (x86)/atmel/studio/7.0/toolchain/avr8/avr8-gnu-toolchain/bin/../lib/gcc/avr/5.4.0/../../../../avr/lib/avrxmega6\libm.a(addsf3.o) (__addsf3x)
c:/program files (x86)/atmel/studio/7.0/toolchain/avr8/avr8-gnu-toolchain/bin/../lib/gcc/avr/5.4.0/../../../../avr/lib/avrxmega6\libm.a(cmpsf2.o)
                              NHD0420Driver.o (__eqsf2)
c:/program files (x86)/atmel/studio/7.0/toolchain/avr8/avr8-gnu-toolchain/bin/../lib/gcc/avr/5.4.0/../../../../avr/lib/avrxmega6\libm.a(divsf3.o)
                              NHD0420Driver.o (__divsf3)
c:/program files (x86)/atmel/studio/7.0/toolchain/avr8/avr8-gnu-toolchain/bin/../lib/gcc/avr/5.4.0/../../../../avr/lib/avrxmega6\libm.a(divsf3x.o)
                              c:/program files (x86)/atmel/studio/7.0/toolchain/avr8/avr8-gnu-toolchain/bin/../lib/gcc/avr/5.4.0/../../../../avr/lib/avrxmega6\libm.a(divsf3.o) (__divsf3x)
c:/program files (x86)/atmel/studio/7.0/toolchain/avr8/avr8-gnu-toolchain/bin/../lib/gcc/avr/5.4.0/../../../../avr/lib/avrxmega6\libm.a(fixsfsi.o)
                              NHD0420Driver.o (__fixsfsi)
c:/program files (x86)/atmel/studio/7.0/toolchain/avr8/avr8-gnu-toolchain/bin/../lib/gcc/avr/5.4.0/../../../../avr/lib/avrxmega6\libm.a(fixunssfsi.o)
                              c:/program files (x86)/atmel/studio/7.0/toolchain/avr8/avr8-gnu-toolchain/bin/../lib/gcc/avr/5.4.0/../../../../avr/lib/avrxmega6\libm.a(fixsfsi.o) (__fixunssfsi)
c:/program files (x86)/atmel/studio/7.0/toolchain/avr8/avr8-gnu-toolchain/bin/../lib/gcc/avr/5.4.0/../../../../avr/lib/avrxmega6\libm.a(floatsisf.o)
                              NHD0420Driver.o (__floatsisf)
c:/program files (x86)/atmel/studio/7.0/toolchain/avr8/avr8-gnu-toolchain/bin/../lib/gcc/avr/5.4.0/../../../../avr/lib/avrxmega6\libm.a(fp_cmp.o)
                              c:/program files (x86)/atmel/studio/7.0/toolchain/avr8/avr8-gnu-toolchain/bin/../lib/gcc/avr/5.4.0/../../../../avr/lib/avrxmega6\libm.a(cmpsf2.o) (__fp_cmp)
c:/program files (x86)/atmel/studio/7.0/toolchain/avr8/avr8-gnu-toolchain/bin/../lib/gcc/avr/5.4.0/../../../../avr/lib/avrxmega6\libm.a(fp_inf.o)
                              c:/program files (x86)/atmel/studio/7.0/toolchain/avr8/avr8-gnu-toolchain/bin/../lib/gcc/avr/5.4.0/../../../../avr/lib/avrxmega6\libm.a(addsf3x.o) (__fp_inf)
c:/program files (x86)/atmel/studio/7.0/toolchain/avr8/avr8-gnu-toolchain/bin/../lib/gcc/avr/5.4.0/../../../../avr/lib/avrxmega6\libm.a(fp_nan.o)
                              c:/program files (x86)/atmel/studio/7.0/toolchain/avr8/avr8-gnu-toolchain/bin/../lib/gcc/avr/5.4.0/../../../../avr/lib/avrxmega6\libm.a(addsf3x.o) (__fp_nan)
c:/program files (x86)/atmel/studio/7.0/toolchain/avr8/avr8-gnu-toolchain/bin/../lib/gcc/avr/5.4.0/../../../../avr/lib/avrxmega6\libm.a(fp_pscA.o)
                              c:/program files (x86)/atmel/studio/7.0/toolchain/avr8/avr8-gnu-toolchain/bin/../lib/gcc/avr/5.4.0/../../../../avr/lib/avrxmega6\libm.a(addsf3x.o) (__fp_pscA)
c:/program files (x86)/atmel/studio/7.0/toolchain/avr8/avr8-gnu-toolchain/bin/../lib/gcc/avr/5.4.0/../../../../avr/lib/avrxmega6\libm.a(fp_pscB.o)
                              c:/program files (x86)/atmel/studio/7.0/toolchain/avr8/avr8-gnu-toolchain/bin/../lib/gcc/avr/5.4.0/../../../../avr/lib/avrxmega6\libm.a(addsf3x.o) (__fp_pscB)
c:/program files (x86)/atmel/studio/7.0/toolchain/avr8/avr8-gnu-toolchain/bin/../lib/gcc/avr/5.4.0/../../../../avr/lib/avrxmega6\libm.a(fp_round.o)
                              c:/program files (x86)/atmel/studio/7.0/toolchain/avr8/avr8-gnu-toolchain/bin/../lib/gcc/avr/5.4.0/../../../../avr/lib/avrxmega6\libm.a(addsf3.o) (__fp_round)
c:/program files (x86)/atmel/studio/7.0/toolchain/avr8/avr8-gnu-toolchain/bin/../lib/gcc/avr/5.4.0/../../../../avr/lib/avrxmega6\libm.a(fp_split3.o)
                              c:/program files (x86)/atmel/studio/7.0/toolchain/avr8/avr8-gnu-toolchain/bin/../lib/gcc/avr/5.4.0/../../../../avr/lib/avrxmega6\libm.a(addsf3x.o) (__fp_split3)
c:/program files (x86)/atmel/studio/7.0/toolchain/avr8/avr8-gnu-toolchain/bin/../lib/gcc/avr/5.4.0/../../../../avr/lib/avrxmega6\libm.a(fp_zero.o)
                              c:/program files (x86)/atmel/studio/7.0/toolchain/avr8/avr8-gnu-toolchain/bin/../lib/gcc/avr/5.4.0/../../../../avr/lib/avrxmega6\libm.a(addsf3x.o) (__fp_zero)
c:/program files (x86)/atmel/studio/7.0/toolchain/avr8/avr8-gnu-toolchain/bin/../lib/gcc/avr/5.4.0/../../../../avr/lib/avrxmega6\libm.a(gesf2.o)
                              NHD0420Driver.o (__gesf2)
[...]
Memory Configuration

Name             Origin             Length             Attributes
text             0x00000000         0x00100000         xr
data             0x00802000         0x0000ffa0         rw !x
eeprom           0x00810000         0x00010000         rw !x
fuse             0x00820000         0x00000006         rw !x
lock             0x00830000         0x00000400         rw !x
signature        0x00840000         0x00000400         rw !x
user_signatures  0x00850000         0x00000400         rw !x
*default*        0x00000000         0xffffffff

Linker script and memory map

LOAD C:/Program Files (x86)/Atmel/Studio/7.0/Packs/atmel/XMEGAA_DFP/1.1.68/gcc/dev/atxmega128a3u/avrxmega6/crtatxmega128a3u.o
LOAD avr_f64.o
LOAD ButtonHandler.o
LOAD driver/clksys_driver.o
LOAD driver/pmic_driver.o
LOAD driver/port_driver.o
LOAD driver/TC_driver.o
LOAD errorHandler.o
LOAD FreeRTOS/croutine.o
LOAD FreeRTOS/event_groups.o
LOAD FreeRTOS/heap_1.o
LOAD FreeRTOS/list.o
LOAD FreeRTOS/port.o
LOAD FreeRTOS/queue.o
LOAD FreeRTOS/stream_buffer.o
LOAD FreeRTOS/tasks.o
LOAD FreeRTOS/timers.o
LOAD init.o
LOAD main.o
LOAD mem_check.o
LOAD NHD0420Driver.o
LOAD utils.o
START GROUP
LOAD c:/program files (x86)/atmel/studio/7.0/toolchain/avr8/avr8-gnu-toolchain/bin/../lib/gcc/avr/5.4.0/../../../../avr/lib/avrxmega6\libm.a
END GROUP
LOAD c:/program files (x86)/atmel/studio/7.0/toolchain/avr8/avr8-gnu-toolchain/bin/../lib/gcc/avr/5.4.0/../../../../avr/lib/avrxmega6\libprintf_flt.a
START GROUP
LOAD c:/program files (x86)/atmel/studio/7.0/toolchain/avr8/avr8-gnu-toolchain/bin/../lib/gcc/avr/5.4.0/avrxmega6\libgcc.a
LOAD c:/program files (x86)/atmel/studio/7.0/toolchain/avr8/avr8-gnu-toolchain/bin/../lib/gcc/avr/5.4.0/../../../../avr/lib/avrxmega6\libm.a
LOAD c:/program files (x86)/atmel/studio/7.0/toolchain/avr8/avr8-gnu-toolchain/bin/../lib/gcc/avr/5.4.0/../../../../avr/lib/avrxmega6\libc.a
LOAD C:/Program Files (x86)/Atmel/Studio/7.0/Packs/atmel/XMEGAA_DFP/1.1.68/gcc/dev/atxmega128a3u/avrxmega6\libatxmega128a3u.a
END GROUP
                0x00100000                __TEXT_REGION_LENGTH__ = DEFINED (__TEXT_REGION_LENGTH__)?__TEXT_REGION_LENGTH__:0x100000
                0x0000ffa0                __DATA_REGION_LENGTH__ = DEFINED (__DATA_REGION_LENGTH__)?__DATA_REGION_LENGTH__:0xffa0
                0x00010000                __EEPROM_REGION_LENGTH__ = DEFINED (__EEPROM_REGION_LENGTH__)?__EEPROM_REGION_LENGTH__:0x10000
                [0x00000006]                __FUSE_REGION_LENGTH__ = DEFINED (__FUSE_REGION_LENGTH__)?__FUSE_REGION_LENGTH__:0x400
                0x00000400                __LOCK_REGION_LENGTH__ = DEFINED (__LOCK_REGION_LENGTH__)?__LOCK_REGION_LENGTH__:0x400
                0x00000400                __SIGNATURE_REGION_LENGTH__ = DEFINED (__SIGNATURE_REGION_LENGTH__)?__SIGNATURE_REGION_LENGTH__:0x400
                0x00000400                __USER_SIGNATURE_REGION_LENGTH__ = DEFINED (__USER_SIGNATURE_REGION_LENGTH__)?__USER_SIGNATURE_REGION_LENGTH__:0x400

.hash
 *(.hash)

.dynsym
 *(.dynsym)

.dynstr
 *(.dynstr)

.gnu.version
 *(.gnu.version)

.gnu.version_d
 *(.gnu.version_d)

.gnu.version_r
 *(.gnu.version_r)

.rel.init
 *(.rel.init)

.rela.init
 *(.rela.init)

.rel.text
 *(.rel.text)
 *(.rel.text.*)
 *(.rel.gnu.linkonce.t*)

.rela.text
 *(.rela.text)
 *(.rela.text.*)
 *(.rela.gnu.linkonce.t*)

.rel.fini
 *(.rel.fini)

.rela.fini
 *(.rela.fini)

.rel.rodata
 *(.rel.rodata)
 *(.rel.rodata.*)
 *(.rel.gnu.linkonce.r*)

.rela.rodata
 *(.rela.rodata)
 *(.rela.rodata.*)
 *(.rela.gnu.linkonce.r*)

.rel.data
 *(.rel.data)
 *(.rel.data.*)
 *(.rel.gnu.linkonce.d*)

.rela.data
 *(.rela.data)
 *(.rela.data.*)
 *(.rela.gnu.linkonce.d*)

.rel.ctors
 *(.rel.ctors)

.rela.ctors
 *(.rela.ctors)

.rel.dtors
 *(.rel.dtors)

.rela.dtors
 *(.rela.dtors)

.rel.got
 *(.rel.got)

.rela.got
 *(.rela.got)

.rel.bss
 *(.rel.bss)

.rela.bss
 *(.rela.bss)

.rel.plt
 *(.rel.plt)

.rela.plt
 *(.rela.plt)

.text           0x00000000     0x727c
 *(.vectors)
 .vectors       0x00000000      0x1fc C:/Program Files (x86)/Atmel/Studio/7.0/Packs/atmel/XMEGAA_DFP/1.1.68/gcc/dev/atxmega128a3u/avrxmega6/crtatxmega128a3u.o
                0x00000000                __vector_default
                0x00000000                __vectors
 *(.vectors)
 *(.progmem.gcc*)
 .progmem.gcc_sw_table.prvTimerTask
                0x000001fc       0x14 FreeRTOS/timers.o
                0x00000210                . = ALIGN (0x2)
                0x00000210                __trampolines_start = .
 *(.trampolines)
 .trampolines   0x00000210       0x2c linker stubs
 *(.trampolines*)
                0x0000023c                __trampolines_end = .
 *libprintf_flt.a:*(.progmem.data)
 .progmem.data  0x0000023c        0x8 c:/program files (x86)/atmel/studio/7.0/toolchain/avr8/avr8-gnu-toolchain/bin/../lib/gcc/avr/5.4.0/../../../../avr/lib/avrxmega6\libprintf_flt.a(vfprintf_flt.o)
 *libc.a:*(.progmem.data)
 .progmem.data  0x00000244       0xfa c:/program files (x86)/atmel/studio/7.0/toolchain/avr8/avr8-gnu-toolchain/bin/../lib/gcc/avr/5.4.0/../../../../avr/lib/avrxmega6\libc.a(ftoa_engine.o)
 *(.progmem*)
                0x0000033e                . = ALIGN (0x2)
 *(.jumptables)
 *(.jumptables*)
 *(.lowtext)
 *(.lowtext*)
                0x0000033e                __ctors_start = .
 *(.ctors)
                0x0000033e                __ctors_end = .
                0x0000033e                __dtors_start = .
 *(.dtors)
                0x0000033e                __dtors_end = .
 SORT(*)(.ctors)
 SORT(*)(.dtors)
 *(.init0)
 .init0         0x0000033e        0x0 C:/Program Files (x86)/Atmel/Studio/7.0/Packs/atmel/XMEGAA_DFP/1.1.68/gcc/dev/atxmega128a3u/avrxmega6/crtatxmega128a3u.o
                0x0000033e                __init
 *(.init0)
 *(.init1)
 *(.init1)
 *(.init2)
 .init2         0x0000033e       0x10 C:/Program Files (x86)/Atmel/Studio/7.0/Packs/atmel/XMEGAA_DFP/1.1.68/gcc/dev/atxmega128a3u/avrxmega6/crtatxmega128a3u.o
 *(.init2)
 *(.init3)
 .init3         0x0000034e       0x10 mem_check.o
                0x0000034e                init_mem
 *(.init3)
 *(.init4)
 .init4         0x0000035e       0x1a c:/program files (x86)/atmel/studio/7.0/toolchain/avr8/avr8-gnu-toolchain/bin/../lib/gcc/avr/5.4.0/avrxmega6\libgcc.a(_copy_data.o)
                0x0000035e                __do_copy_data
 .init4         0x00000378       0x10 c:/program files (x86)/atmel/studio/7.0/toolchain/avr8/avr8-gnu-toolchain/bin/../lib/gcc/avr/5.4.0/avrxmega6\libgcc.a(_clear_bss.o)
                0x00000378                __do_clear_bss
 *(.init4)
 *(.init5)
 *(.init5)
 *(.init6)
 *(.init6)
 *(.init7)
 *(.init7)
 *(.init8)
 *(.init8)
 *(.init9)
 .init9         0x00000388        0x8 C:/Program Files (x86)/Atmel/Studio/7.0/Packs/atmel/XMEGAA_DFP/1.1.68/gcc/dev/atxmega128a3u/avrxmega6/crtatxmega128a3u.o
 *(.init9)
 *(.text)
 .text          0x00000390        0x4 C:/Program Files (x86)/Atmel/Studio/7.0/Packs/atmel/XMEGAA_DFP/1.1.68/gcc/dev/atxmega128a3u/avrxmega6/crtatxmega128a3u.o
                0x00000390                __vector_38
                0x00000390                __vector_104
                0x00000390                __vector_22
                0x00000390                __vector_63
                0x00000390                __vector_28
                0x00000390                __vector_67
                0x00000390                __vector_1
                0x00000390                __vector_119
                0x00000390                __vector_32
                0x00000390                __vector_75
                0x00000390                __vector_71
                0x00000390                __vector_91
                0x00000390                __vector_34
                0x00000390                __vector_62
                0x00000390                __vector_77
                0x00000390                __vector_102
                0x00000390                __vector_24
                0x00000390                __vector_12
                0x00000390                __vector_55
                0x00000390                __vector_69
                0x00000390                __vector_81
                0x00000390                __vector_90
                0x00000390                __vector_46
                0x00000390                __bad_interrupt
                0x00000390                __vector_122
                0x00000390                __vector_72
                0x00000390                __vector_114
                0x00000390                __vector_6
                0x00000390                __vector_110
                0x00000390                __vector_31
                0x00000390                __vector_92
                0x00000390                __vector_35
                0x00000390                __vector_78
                0x00000390                __vector_74
                0x00000390                __vector_117
                0x00000390                __vector_39
                0x00000390                __vector_107
                0x00000390                __vector_3
                0x00000390                __vector_105
                0x00000390                __vector_98
                0x00000390                __vector_23
                0x00000390                __vector_68
                0x00000390                __vector_30
                0x00000390                __vector_73
                0x00000390                __vector_45
                0x00000390                __vector_25
                0x00000390                __vector_93
                0x00000390                __vector_61
                0x00000390                __vector_11
                0x00000390                __vector_54
                0x00000390                __vector_99
                0x00000390                __vector_13
                0x00000390                __vector_17
                0x00000390                __vector_19
                0x00000390                __vector_56
                0x00000390                __vector_7
                0x00000390                __vector_125
                0x00000390                __vector_49
                0x00000390                __vector_123
                0x00000390                __vector_41
                0x00000390                __vector_86
                0x00000390                __vector_100
                0x00000390                __vector_101
                0x00000390                __vector_64
                0x00000390                __vector_88
                0x00000390                __vector_109
                0x00000390                __vector_43
                0x00000390                __vector_27
                0x00000390                __vector_5
                0x00000390                __vector_113
                0x00000390                __vector_33
                0x00000390                __vector_76
                0x00000390                __vector_115
                0x00000390                __vector_47
                0x00000390                __vector_52
                0x00000390                __vector_37
                0x00000390                __vector_95
                0x00000390                __vector_103
                0x00000390                __vector_96
                0x00000390                __vector_89
                0x00000390                __vector_4
                0x00000390                __vector_44
                0x00000390                __vector_82
                0x00000390                __vector_106
                0x00000390                __vector_118
                0x00000390                __vector_51
                0x00000390                __vector_9
                0x00000390                __vector_2
                0x00000390                __vector_21
                0x00000390                __vector_15
                0x00000390                __vector_66
                0x00000390                __vector_36
                0x00000390                __vector_79
                0x00000390                __vector_58
                0x00000390                __vector_70
                0x00000390                __vector_83
                0x00000390                __vector_29
                0x00000390                __vector_60
                0x00000390                __vector_121
                0x00000390                __vector_40
                0x00000390                __vector_85
                0x00000390                __vector_94
                0x00000390                __vector_126
                0x00000390                __vector_8
                0x00000390                __vector_26
                0x00000390                __vector_48
                0x00000390                __vector_124
                0x00000390                __vector_116
                0x00000390                __vector_112
                0x00000390                __vector_111
                0x00000390                __vector_80
                0x00000390                __vector_84
                0x00000390                __vector_57
                0x00000390                __vector_53
                0x00000390                __vector_50
                0x00000390                __vector_16
                0x00000390                __vector_59
                0x00000390                __vector_18
                0x00000390                __vector_97
                0x00000390                __vector_20
                0x00000390                __vector_42
                0x00000390                __vector_87
                0x00000390                __vector_65
                0x00000390                __vector_120
                0x00000394                . = ALIGN (0x2)
 *(.text.*)
 .text.f_split64
                0x00000394      0x150 avr_f64.o
 .text.f_combi_from_fixpoint
                0x000004e4      0x3c4 avr_f64.o
 .text.f_shift_left_until_bit63_set
                0x000008a8      0x170 avr_f64.o
 .text.approx_high_uint64_word_of_uint64_mult_uint64
                0x00000a18      0x29c avr_f64.o
 .text.approx_inverse_of_fixpoint_uint64
                0x00000cb4      0x466 avr_f64.o
 .text.f_addsub2
                0x0000111a      0x352 avr_f64.o
 .text.f_sd     0x0000146c      0x17a avr_f64.o
                0x0000146c                f_sd
 .text.f_add    0x000015e6      0x130 avr_f64.o
                0x000015e6                f_add
 .text.f_sub    0x00001716       0x80 avr_f64.o
                0x00001716                f_sub
 .text.f_mult   0x00001796      0x20a avr_f64.o
                0x00001796                f_mult
 .text.f_div    0x000019a0      0x208 avr_f64.o
                0x000019a0                f_div
 .text.f_compare
                0x00001ba8      0x29e avr_f64.o
                0x00001ba8                f_compare
 .text.f_to_decimalExp
                0x00001e46      0x6e4 avr_f64.o
                0x00001e46                f_to_decimalExp
 .text.f_to_string
                0x0000252a      0x4f8 avr_f64.o
                0x0000252a                f_to_string
 .text.initButtons
                0x00002a22       0x16 ButtonHandler.o
                0x00002a22                initButtons
 .text.updateButtons
                0x00002a38      0x14a ButtonHandler.o
                0x00002a38                updateButtons
 .text.getButtonPress
                0x00002b82       0x2c ButtonHandler.o
                0x00002b82                getButtonPress
 .text.CCPWrite
                0x00002bae       0x2a driver/clksys_driver.o
                0x00002bae                CCPWrite
 .text.CLKSYS_XOSC_Config
                0x00002bd8       0x14 driver/clksys_driver.o
                0x00002bd8                CLKSYS_XOSC_Config
 .text.CLKSYS_PLL_Config
                0x00002bec        0xa driver/clksys_driver.o
                0x00002bec                CLKSYS_PLL_Config
 .text.CLKSYS_Disable
                0x00002bf6       0x14 driver/clksys_driver.o
                0x00002bf6                CLKSYS_Disable
 .text.CLKSYS_Prescalers_Config
                0x00002c0a        0xc driver/clksys_driver.o
                0x00002c0a                CLKSYS_Prescalers_Config
 .text.CLKSYS_Main_ClockSource_Select
                0x00002c16       0x2a driver/clksys_driver.o
                0x00002c16                CLKSYS_Main_ClockSource_Select
 .text.TC0_ConfigClockSource
                0x00002c40        0xc driver/TC_driver.o
                0x00002c40                TC0_ConfigClockSource
 .text.TC0_ConfigWGM
                0x00002c4c        0xc driver/TC_driver.o
                0x00002c4c                TC0_ConfigWGM
 .text.TC0_SetOverflowIntLevel
                0x00002c58        0xc driver/TC_driver.o
                0x00002c58                TC0_SetOverflowIntLevel
 .text.software_reset
                0x00002c64        0xe errorHandler.o
                0x00002c64                software_reset
 .text.vApplicationStackOverflowHook
                0x00002c72        0x6 errorHandler.o
                0x00002c72                vApplicationStackOverflowHook
 .text.xEventGroupCreate
                0x00002c78       0x2a FreeRTOS/event_groups.o
                0x00002c78                xEventGroupCreate
 .text.xEventGroupWaitBits
                0x00002ca2      0x18a FreeRTOS/event_groups.o
                0x00002ca2                xEventGroupWaitBits
 .text.xEventGroupClearBits
                0x00002e2c       0x42 FreeRTOS/event_groups.o
                0x00002e2c                xEventGroupClearBits
 .text.xEventGroupSetBits
                0x00002e6e      0x124 FreeRTOS/event_groups.o
                0x00002e6e                xEventGroupSetBits
 .text.vEventGroupSetBitsCallback
                0x00002f92        0x6 FreeRTOS/event_groups.o
                0x00002f92                vEventGroupSetBitsCallback
 .text.xEventGroupSetBitsFromISR
                0x00002f98       0x1a FreeRTOS/event_groups.o
                0x00002f98                xEventGroupSetBitsFromISR
 .text.pvPortMalloc
                0x00002fb2       0x4c FreeRTOS/heap_1.o
                0x00002fb2                pvPortMalloc
 .text.vPortFree
                0x00002ffe        0x2 FreeRTOS/heap_1.o
                0x00002ffe                vPortFree
 .text.vListInitialise
                0x00003000       0x22 FreeRTOS/list.o
                0x00003000                vListInitialise
 .text.vListInitialiseItem
                0x00003022        0x8 FreeRTOS/list.o
                0x00003022                vListInitialiseItem
 .text.vListInsertEnd
                0x0000302a       0x42 FreeRTOS/list.o
                0x0000302a                vListInsertEnd
 .text.vListInsert
                0x0000306c       0x7a FreeRTOS/list.o
                0x0000306c                vListInsert
 .text.uxListRemove
                0x000030e6       0x4e FreeRTOS/list.o
                0x000030e6                uxListRemove
 .text._portSetInterruptMaskFromIsr
                0x00003134        0xe FreeRTOS/port.o
                0x00003134                _portSetInterruptMaskFromIsr
 .text.pxPortInitialiseStack
                0x00003142       0xfa FreeRTOS/port.o
                0x00003142                pxPortInitialiseStack
 .text.xPortStartScheduler
                0x0000323c       0x80 FreeRTOS/port.o
                0x0000323c                xPortStartScheduler
 .text.vPortYield
                0x000032bc       0xc2 FreeRTOS/port.o
                0x000032bc                vPortYield
 .text.portTaskSwitchContext
                0x0000337e       0x3e FreeRTOS/port.o
                0x0000337e                portTaskSwitchContext
 .text.__vector_14
                0x000033bc       0xd2 FreeRTOS/port.o
                0x000033bc                __vector_14
 .text.prvIsQueueEmpty
                0x0000348e       0x1e FreeRTOS/queue.o
 .text.prvIsQueueFull
                0x000034ac       0x26 FreeRTOS/queue.o
 .text.prvCopyDataToQueue
                0x000034d2       0x92 FreeRTOS/queue.o
 .text.prvCopyDataFromQueue
                0x00003564       0x34 FreeRTOS/queue.o
 .text.prvUnlockQueue
                0x00003598       0xac FreeRTOS/queue.o
 .text.xQueueGenericReset
                0x00003644       0x82 FreeRTOS/queue.o
                0x00003644                xQueueGenericReset
 .text.xQueueGenericCreate
                0x000036c6       0x62 FreeRTOS/queue.o
                0x000036c6                xQueueGenericCreate
 .text.xQueueGenericSend
                0x00003728      0x14c FreeRTOS/queue.o
                0x00003728                xQueueGenericSend
 .text.xQueueGenericSendFromISR
                0x00003874       0x8a FreeRTOS/queue.o
                0x00003874                xQueueGenericSendFromISR
 .text.xQueueReceive
                0x000038fe      0x14c FreeRTOS/queue.o
                0x000038fe                xQueueReceive
 .text.uxQueueMessagesWaiting
                0x00003a4a       0x18 FreeRTOS/queue.o
                0x00003a4a                uxQueueMessagesWaiting
 .text.vQueueWaitForMessageRestricted
                0x00003a62       0x42 FreeRTOS/queue.o
                0x00003a62                vQueueWaitForMessageRestricted
 .text.prvResetNextTaskUnblockTime
                0x00003aa4       0x54 FreeRTOS/tasks.o
 .text.prvAddCurrentTaskToDelayedList
                0x00003af8       0xee FreeRTOS/tasks.o
 .text.prvIdleTask
                0x00003be6       0x14 FreeRTOS/tasks.o
 .text.xTaskCreate
                0x00003bfa      0x22a FreeRTOS/tasks.o
                0x00003bfa                xTaskCreate
 .text.vTaskStartScheduler
                0x00003e24       0x76 FreeRTOS/tasks.o
                0x00003e24                vTaskStartScheduler
 .text.vTaskSuspendAll
                0x00003e9a        0xc FreeRTOS/tasks.o
                0x00003e9a                vTaskSuspendAll
 .text.xTaskGetTickCount
                0x00003ea6       0x24 FreeRTOS/tasks.o
                0x00003ea6                xTaskGetTickCount
 .text.xTaskIncrementTick
                0x00003eca      0x1a6 FreeRTOS/tasks.o
                0x00003eca                xTaskIncrementTick
 .text.xTaskResumeAll
                0x00004070      0x104 FreeRTOS/tasks.o
                0x00004070                xTaskResumeAll
 .text.vTaskDelay
                0x00004174       0x38 FreeRTOS/tasks.o
                0x00004174                vTaskDelay
 .text.vTaskSwitchContext
                0x000041ac      0x11c FreeRTOS/tasks.o
                0x000041ac                vTaskSwitchContext
 .text.vTaskPlaceOnEventList
                0x000042c8       0x30 FreeRTOS/tasks.o
                0x000042c8                vTaskPlaceOnEventList
 .text.vTaskPlaceOnUnorderedEventList
                0x000042f8       0x4a FreeRTOS/tasks.o
                0x000042f8                vTaskPlaceOnUnorderedEventList
 .text.vTaskPlaceOnEventListRestricted
                0x00004342       0x42 FreeRTOS/tasks.o
                0x00004342                vTaskPlaceOnEventListRestricted
 .text.xTaskRemoveFromEventList
                0x00004384       0x84 FreeRTOS/tasks.o
                0x00004384                xTaskRemoveFromEventList
 .text.vTaskRemoveFromUnorderedEventList
                0x00004408       0x68 FreeRTOS/tasks.o
                0x00004408                vTaskRemoveFromUnorderedEventList
 .text.vTaskInternalSetTimeOutState
                0x00004470       0x22 FreeRTOS/tasks.o
                0x00004470                vTaskInternalSetTimeOutState
 .text.xTaskCheckForTimeOut
                0x00004492       0xbc FreeRTOS/tasks.o
                0x00004492                xTaskCheckForTimeOut
 .text.vTaskMissedYield
                0x0000454e        0x8 FreeRTOS/tasks.o
                0x0000454e                vTaskMissedYield
 .text.xTaskGetSchedulerState
                0x00004556       0x1c FreeRTOS/tasks.o
                0x00004556                xTaskGetSchedulerState
 .text.uxTaskResetEventItemValue
                0x00004572       0x50 FreeRTOS/tasks.o
                0x00004572                uxTaskResetEventItemValue
 .text.prvInsertTimerInActiveList
                0x000045c2       0x92 FreeRTOS/timers.o
 .text.prvCheckForValidListAndQueue
                0x00004654       0x5a FreeRTOS/timers.o
 .text.xTimerCreateTimerTask
                0x000046ae       0x44 FreeRTOS/timers.o
                0x000046ae                xTimerCreateTimerTask
 .text.xTimerGenericCommand
                0x000046f2       0xb2 FreeRTOS/timers.o
                0x000046f2                xTimerGenericCommand
 .text.prvSampleTimeNow
                0x000047a4      0x130 FreeRTOS/timers.o
 .text.prvTimerTask
                0x000048d4      0x25e FreeRTOS/timers.o
 .text.xTimerPendFunctionCallFromISR
                0x00004b32       0x4c FreeRTOS/timers.o
                0x00004b32                xTimerPendFunctionCallFromISR
 .text.vInitClock
                0x00004b7e       0x70 init.o
                0x00004b7e                vInitClock
 .text.vDisplayTask
                0x00004bee      0x2d6 main.o
                0x00004bee                vDisplayTask
 .text.vButtonTask
                0x00004ec4       0x80 main.o
                0x00004ec4                vButtonTask
 .text.vCalcPiTask
                0x00004f44      0x3d0 main.o
                0x00004f44                vCalcPiTask
 .text.rtc_init
                0x00005314       0x40 main.o
                0x00005314                rtc_init
 .text.__vector_10
                0x00005354       0x3a main.o
                0x00005354                __vector_10
 .text.vApplicationIdleHook
                0x0000538e        0x2 main.o
                0x0000538e                vApplicationIdleHook
 .text.main     0x00005390       0x86 main.o
                0x00005390                main
 .text.__vector_108
                0x00005416       0x86 NHD0420Driver.o
                0x00005416                __vector_108
 .text.delayUS  0x0000549c       0xe6 NHD0420Driver.o
                0x0000549c                delayUS
 .text.setPort  0x00005582       0x1a NHD0420Driver.o
                0x00005582                setPort
 .text.Nybble   0x0000559c       0x24 NHD0420Driver.o
                0x0000559c                Nybble
 .text.command  0x000055c0       0x2c NHD0420Driver.o
                0x000055c0                command
 .text.write    0x000055ec       0x2c NHD0420Driver.o
                0x000055ec                write
 .text.vInitDisplay
                0x00005618       0x88 NHD0420Driver.o
                0x00005618                vInitDisplay
 .text._displaySetPos
                0x000056a0       0x4e NHD0420Driver.o
                0x000056a0                _displaySetPos
 .text._displayWriteChar
                0x000056ee       0x12 NHD0420Driver.o
                0x000056ee                _displayWriteChar
 .text._displayWriteString
                0x00005700       0x3e NHD0420Driver.o
                0x00005700                _displayWriteString
 .text._displayWriteStringAtPos
                0x0000573e       0x16 NHD0420Driver.o
                0x0000573e                _displayWriteStringAtPos
 .text.vDisplayUpdateTask
                0x00005754      0x1bc NHD0420Driver.o
                0x00005754                vDisplayUpdateTask
 .text.vDisplayClear
                0x00005910       0x16 NHD0420Driver.o
                0x00005910                vDisplayClear
 .text.vDisplayWriteStringAtPos
                0x00005926      0x746 NHD0420Driver.o
                0x00005926                vDisplayWriteStringAtPos
 .text.getResetReason
                0x0000606c       0x4c utils.o
                0x0000606c                getResetReason
 .text.avr-libc.fplib
                0x000060b8        0xe c:/program files (x86)/atmel/studio/7.0/toolchain/avr8/avr8-gnu-toolchain/bin/../lib/gcc/avr/5.4.0/../../../../avr/lib/avrxmega6\libm.a(addsf3.o)
                0x000060b8                __subsf3
                0x000060ba                __addsf3
 .text.avr-libc.fplib
                0x000060c6       0xcc c:/program files (x86)/atmel/studio/7.0/toolchain/avr8/avr8-gnu-toolchain/bin/../lib/gcc/avr/5.4.0/../../../../avr/lib/avrxmega6\libm.a(addsf3x.o)
                0x000060e8                __addsf3x
 .text.avr-libc.fplib
                0x00006192        0xa c:/program files (x86)/atmel/studio/7.0/toolchain/avr8/avr8-gnu-toolchain/bin/../lib/gcc/avr/5.4.0/../../../../avr/lib/avrxmega6\libm.a(cmpsf2.o)
                0x00006192                __nesf2
                0x00006192                __eqsf2
                0x00006192                __cmpsf2
                0x00006192                __ltsf2
                0x00006192                __lesf2
 .text.avr-libc.fplib
                0x0000619c        0x8 c:/program files (x86)/atmel/studio/7.0/toolchain/avr8/avr8-gnu-toolchain/bin/../lib/gcc/avr/5.4.0/../../../../avr/lib/avrxmega6\libm.a(divsf3.o)
                0x0000619c                __divsf3
 .text.avr-libc.fplib
                0x000061a4       0xdc c:/program files (x86)/atmel/studio/7.0/toolchain/avr8/avr8-gnu-toolchain/bin/../lib/gcc/avr/5.4.0/../../../../avr/lib/avrxmega6\libm.a(divsf3x.o)
                0x000061c4                __divsf3x
                0x000061ca                __divsf3_pse
 .text.avr-libc.fplib
                0x00006280        0xe c:/program files (x86)/atmel/studio/7.0/toolchain/avr8/avr8-gnu-toolchain/bin/../lib/gcc/avr/5.4.0/../../../../avr/lib/avrxmega6\libm.a(fixsfsi.o)
                0x00006280                __fixsfsi
 .text.avr-libc.fplib
                0x0000628e       0x5e c:/program files (x86)/atmel/studio/7.0/toolchain/avr8/avr8-gnu-toolchain/bin/../lib/gcc/avr/5.4.0/../../../../avr/lib/avrxmega6\libm.a(fixunssfsi.o)
                0x0000628e                __fixunssfsi
 .text.avr-libc.fplib
                0x000062ec       0x7a c:/program files (x86)/atmel/studio/7.0/toolchain/avr8/avr8-gnu-toolchain/bin/../lib/gcc/avr/5.4.0/../../../../avr/lib/avrxmega6\libm.a(floatsisf.o)
                0x000062ec                __floatunsisf
                0x000062f0                __floatsisf
 .text.avr-libc.fplib
                0x00006366       0x48 c:/program files (x86)/atmel/studio/7.0/toolchain/avr8/avr8-gnu-toolchain/bin/../lib/gcc/avr/5.4.0/../../../../avr/lib/avrxmega6\libm.a(fp_cmp.o)
                0x00006366                __fp_cmp
 .text.avr-libc.fplib
                0x000063ae        0xc c:/program files (x86)/atmel/studio/7.0/toolchain/avr8/avr8-gnu-toolchain/bin/../lib/gcc/avr/5.4.0/../../../../avr/lib/avrxmega6\libm.a(fp_inf.o)
                0x000063ae                __fp_inf
 .text.avr-libc.fplib
                0x000063ba        0x6 c:/program files (x86)/atmel/studio/7.0/toolchain/avr8/avr8-gnu-toolchain/bin/../lib/gcc/avr/5.4.0/../../../../avr/lib/avrxmega6\libm.a(fp_nan.o)
                0x000063ba                __fp_nan
 .text.avr-libc.fplib
                0x000063c0        0xe c:/program files (x86)/atmel/studio/7.0/toolchain/avr8/avr8-gnu-toolchain/bin/../lib/gcc/avr/5.4.0/../../../../avr/lib/avrxmega6\libm.a(fp_pscA.o)
                0x000063c0                __fp_pscA
 .text.avr-libc.fplib
                0x000063ce        0xe c:/program files (x86)/atmel/studio/7.0/toolchain/avr8/avr8-gnu-toolchain/bin/../lib/gcc/avr/5.4.0/../../../../avr/lib/avrxmega6\libm.a(fp_pscB.o)
                0x000063ce                __fp_pscB
 .text.avr-libc.fplib
                0x000063dc       0x22 c:/program files (x86)/atmel/studio/7.0/toolchain/avr8/avr8-gnu-toolchain/bin/../lib/gcc/avr/5.4.0/../../../../avr/lib/avrxmega6\libm.a(fp_round.o)
                0x000063dc                __fp_round
 .text.avr-libc.fplib
                0x000063fe       0x44 c:/program files (x86)/atmel/studio/7.0/toolchain/avr8/avr8-gnu-toolchain/bin/../lib/gcc/avr/5.4.0/../../../../avr/lib/avrxmega6\libm.a(fp_split3.o)
                0x000063fe                __fp_split3
                0x0000640e                __fp_splitA
 .text.avr-libc.fplib
                0x00006442        0xe c:/program files (x86)/atmel/studio/7.0/toolchain/avr8/avr8-gnu-toolchain/bin/../lib/gcc/avr/5.4.0/../../../../avr/lib/avrxmega6\libm.a(fp_zero.o)
                0x00006442                __fp_zero
                0x00006444                __fp_szero
 .text.avr-libc.fplib
                0x00006450        0xa c:/program files (x86)/atmel/studio/7.0/toolchain/avr8/avr8-gnu-toolchain/bin/../lib/gcc/avr/5.4.0/../../../../avr/lib/avrxmega6\libm.a(gesf2.o)
                0x00006450                __gesf2
                0x00006450                __gtsf2
 .text.avr-libc.fplib
                0x0000645a        0x8 c:/program files (x86)/atmel/studio/7.0/toolchain/avr8/avr8-gnu-toolchain/bin/../lib/gcc/avr/5.4.0/../../../../avr/lib/avrxmega6\libm.a(mulsf3.o)
                0x0000645a                __mulsf3
 .text.avr-libc.fplib
                0x00006462       0xd2 c:/program files (x86)/atmel/studio/7.0/toolchain/avr8/avr8-gnu-toolchain/bin/../lib/gcc/avr/5.4.0/../../../../avr/lib/avrxmega6\libm.a(mulsf3x.o)
                0x00006480                __mulsf3x
                0x00006486                __mulsf3_pse
 .text.avr-libc
                0x00006534      0x740 c:/program files (x86)/atmel/studio/7.0/toolchain/avr8/avr8-gnu-toolchain/bin/../lib/gcc/avr/5.4.0/../../../../avr/lib/avrxmega6\libprintf_flt.a(vfprintf_flt.o)
                0x00006534                vfprintf
 .text.libgcc.div
                0x00006c74       0x44 c:/program files (x86)/atmel/studio/7.0/toolchain/avr8/avr8-gnu-toolchain/bin/../lib/gcc/avr/5.4.0/avrxmega6\libgcc.a(_udivmodsi4.o)
                0x00006c74                __udivmodsi4
 .text.libgcc   0x00006cb8       0x10 c:/program files (x86)/atmel/studio/7.0/toolchain/avr8/avr8-gnu-toolchain/bin/../lib/gcc/avr/5.4.0/avrxmega6\libgcc.a(_tablejump2.o)
                0x00006cb8                __tablejump2__
 .text.libgcc.mul
                0x00006cc8       0xa0 c:/program files (x86)/atmel/studio/7.0/toolchain/avr8/avr8-gnu-toolchain/bin/../lib/gcc/avr/5.4.0/avrxmega6\libgcc.a(_muldi3.o)
                0x00006cc8                __muldi3
 .text.libgcc.mul
                0x00006d68       0x12 c:/program files (x86)/atmel/studio/7.0/toolchain/avr8/avr8-gnu-toolchain/bin/../lib/gcc/avr/5.4.0/avrxmega6\libgcc.a(_muldi3_6.o)
                0x00006d68                __muldi3_6
 .text.libgcc   0x00006d7a       0x20 c:/program files (x86)/atmel/studio/7.0/toolchain/avr8/avr8-gnu-toolchain/bin/../lib/gcc/avr/5.4.0/avrxmega6\libgcc.a(_negdi2.o)
                0x00006d7a                __negdi2
 .text.libgcc.builtins
                0x00006d9a       0x32 c:/program files (x86)/atmel/studio/7.0/toolchain/avr8/avr8-gnu-toolchain/bin/../lib/gcc/avr/5.4.0/avrxmega6\libgcc.a(_ashldi3.o)
                0x00006d9a                __ashldi3
 .text.libgcc.builtins
                0x00006dcc       0x3c c:/program files (x86)/atmel/studio/7.0/toolchain/avr8/avr8-gnu-toolchain/bin/../lib/gcc/avr/5.4.0/avrxmega6\libgcc.a(_ashrdi3.o)
                0x00006dcc                __ashrdi3
                0x00006dd0                __lshrdi3
 .text.libgcc   0x00006e08       0x12 c:/program files (x86)/atmel/studio/7.0/toolchain/avr8/avr8-gnu-toolchain/bin/../lib/gcc/avr/5.4.0/avrxmega6\libgcc.a(_adddi3.o)
                0x00006e08                __adddi3
 .text.libgcc   0x00006e1a       0x18 c:/program files (x86)/atmel/studio/7.0/toolchain/avr8/avr8-gnu-toolchain/bin/../lib/gcc/avr/5.4.0/avrxmega6\libgcc.a(_adddi3_s8.o)
                0x00006e1a                __adddi3_s8
 .text.libgcc   0x00006e32       0x12 c:/program files (x86)/atmel/studio/7.0/toolchain/avr8/avr8-gnu-toolchain/bin/../lib/gcc/avr/5.4.0/avrxmega6\libgcc.a(_subdi3.o)
                0x00006e32                __subdi3
 .text.libgcc   0x00006e44       0x12 c:/program files (x86)/atmel/studio/7.0/toolchain/avr8/avr8-gnu-toolchain/bin/../lib/gcc/avr/5.4.0/avrxmega6\libgcc.a(_cmpdi2.o)
                0x00006e44                __cmpdi2
 .text.libgcc   0x00006e56       0x18 c:/program files (x86)/atmel/studio/7.0/toolchain/avr8/avr8-gnu-toolchain/bin/../lib/gcc/avr/5.4.0/avrxmega6\libgcc.a(_cmpdi2_s8.o)
                0x00006e56                __cmpdi2_s8
 .text.libgcc.mul
                0x00006e6e       0x1e c:/program files (x86)/atmel/studio/7.0/toolchain/avr8/avr8-gnu-toolchain/bin/../lib/gcc/avr/5.4.0/avrxmega6\libgcc.a(_umulhisi3.o)
                0x00006e6e                __umulhisi3
 .text.avr-libc
                0x00006e8c      0x1b0 c:/program files (x86)/atmel/studio/7.0/toolchain/avr8/avr8-gnu-toolchain/bin/../lib/gcc/avr/5.4.0/../../../../avr/lib/avrxmega6\libc.a(ftoa_engine.o)
                0x00006e8c                __ftoa_engine
 .text.avr-libc
                0x0000703c       0x16 c:/program files (x86)/atmel/studio/7.0/toolchain/avr8/avr8-gnu-toolchain/bin/../lib/gcc/avr/5.4.0/../../../../avr/lib/avrxmega6\libc.a(strnlen_P.o)
                0x0000703c                strnlen_P
 .text.avr-libc
                0x00007052       0x12 c:/program files (x86)/atmel/studio/7.0/toolchain/avr8/avr8-gnu-toolchain/bin/../lib/gcc/avr/5.4.0/../../../../avr/lib/avrxmega6\libc.a(memcpy.o)
                0x00007052                memcpy
 .text.avr-libc
                0x00007064        0xe c:/program files (x86)/atmel/studio/7.0/toolchain/avr8/avr8-gnu-toolchain/bin/../lib/gcc/avr/5.4.0/../../../../avr/lib/avrxmega6\libc.a(memset.o)
                0x00007064                memset
 .text.avr-libc
                0x00007072       0x16 c:/program files (x86)/atmel/studio/7.0/toolchain/avr8/avr8-gnu-toolchain/bin/../lib/gcc/avr/5.4.0/../../../../avr/lib/avrxmega6\libc.a(strnlen.o)
                0x00007072                strnlen
 .text.avr-libc
                0x00007088       0x16 c:/program files (x86)/atmel/studio/7.0/toolchain/avr8/avr8-gnu-toolchain/bin/../lib/gcc/avr/5.4.0/../../../../avr/lib/avrxmega6\libc.a(itoa_ncheck.o)
                0x00007088                __itoa_ncheck
 .text.avr-libc
                0x0000709e       0x34 c:/program files (x86)/atmel/studio/7.0/toolchain/avr8/avr8-gnu-toolchain/bin/../lib/gcc/avr/5.4.0/../../../../avr/lib/avrxmega6\libc.a(utoa_ncheck.o)
                0x0000709e                __utoa_ncheck
                0x000070a0                __utoa_common
 .text.avr-libc
                0x000070d2       0x78 c:/program files (x86)/atmel/studio/7.0/toolchain/avr8/avr8-gnu-toolchain/bin/../lib/gcc/avr/5.4.0/../../../../avr/lib/avrxmega6\libc.a(fputc.o)
                0x000070d2                fputc
 .text.avr-libc
                0x0000714a       0x52 c:/program files (x86)/atmel/studio/7.0/toolchain/avr8/avr8-gnu-toolchain/bin/../lib/gcc/avr/5.4.0/../../../../avr/lib/avrxmega6\libc.a(sprintf.o)
                0x0000714a                sprintf
 .text.avr-libc
                0x0000719c       0xbc c:/program files (x86)/atmel/studio/7.0/toolchain/avr8/avr8-gnu-toolchain/bin/../lib/gcc/avr/5.4.0/../../../../avr/lib/avrxmega6\libc.a(ultoa_invert.o)
                0x0000719c                __ultoa_invert
 .text.avr-libc
                0x00007258       0x20 c:/program files (x86)/atmel/studio/7.0/toolchain/avr8/avr8-gnu-toolchain/bin/../lib/gcc/avr/5.4.0/../../../../avr/lib/avrxmega6\libc.a(strrev.o)
                0x00007258                strrev
                0x00007278                . = ALIGN (0x2)
 *(.fini9)
 .fini9         0x00007278        0x0 c:/program files (x86)/atmel/studio/7.0/toolchain/avr8/avr8-gnu-toolchain/bin/../lib/gcc/avr/5.4.0/avrxmega6\libgcc.a(_exit.o)
                0x00007278                _exit
                0x00007278                exit
 *(.fini9)
 *(.fini8)
 *(.fini8)
 *(.fini7)
 *(.fini7)
 *(.fini6)
 *(.fini6)
 *(.fini5)
 *(.fini5)
 *(.fini4)
 *(.fini4)
 *(.fini3)
 *(.fini3)
 *(.fini2)
 *(.fini2)
 *(.fini1)
 *(.fini1)
 *(.fini0)
 .fini0         0x00007278        0x4 c:/program files (x86)/atmel/studio/7.0/toolchain/avr8/avr8-gnu-toolchain/bin/../lib/gcc/avr/5.4.0/avrxmega6\libgcc.a(_exit.o)
 *(.fini0)
                0x0000727c                _etext = .

.data           0x00802000       0x58 load address 0x0000727c
                0x00802000                PROVIDE (__data_start, .)
 *(.data)
 *(.data*)
 *(.gnu.linkonce.d*)
 *(.rodata)
 *(.rodata*)
 .rodata.str1.1
                0x00802000        0x5 FreeRTOS/tasks.o
 .rodata.str1.1
                0x00802005        0x8 FreeRTOS/timers.o
 .rodata.str1.1
                0x0080200d       0x40 main.o
                                 0x43 (size before relaxing)
 .rodata.str1.1
                0x0080204d        0xb NHD0420Driver.o
 *(.gnu.linkonce.r*)
                0x00802058                . = ALIGN (0x2)
                0x00802058                _edata = .
                0x00802058                PROVIDE (__data_end, .)

.bss            0x00802058      0xd31
                0x00802058                PROVIDE (__bss_start, .)
 *(.bss)
 *(.bss*)
 .bss.TemporaryMemory
                0x00802058       0x80 avr_f64.o
 .bss.b4Count.3832
                0x008020d8        0x2 ButtonHandler.o
 .bss.b3Count.3831
                0x008020da        0x2 ButtonHandler.o
 .bss.b2Count.3830
                0x008020dc        0x2 ButtonHandler.o
 .bss.b1Count.3829
                0x008020de        0x2 ButtonHandler.o
 .bss.xNextFreeByte
                0x008020e0        0x2 FreeRTOS/heap_1.o
 .bss.xHeap     0x008020e2      0xbb8 FreeRTOS/heap_1.o
 .bss.uxSchedulerSuspended
                0x00802c9a        0x1 FreeRTOS/tasks.o
 .bss.xIdleTaskHandle
                0x00802c9b        0x2 FreeRTOS/tasks.o
 .bss.xNextTaskUnblockTime
                0x00802c9d        0x4 FreeRTOS/tasks.o
 .bss.uxTaskNumber
                0x00802ca1        0x1 FreeRTOS/tasks.o
 .bss.xNumOfOverflows
                0x00802ca2        0x1 FreeRTOS/tasks.o
 .bss.xYieldPending
                0x00802ca3        0x1 FreeRTOS/tasks.o
 .bss.uxPendedTicks
                0x00802ca4        0x1 FreeRTOS/tasks.o
 .bss.xSchedulerRunning
                0x00802ca5        0x1 FreeRTOS/tasks.o
 .bss.uxTopReadyPriority
                0x00802ca6        0x1 FreeRTOS/tasks.o
 .bss.xTickCount
                0x00802ca7        0x4 FreeRTOS/tasks.o
 .bss.uxCurrentNumberOfTasks
                0x00802cab        0x1 FreeRTOS/tasks.o
 .bss.xSuspendedTaskList
                0x00802cac        0xb FreeRTOS/tasks.o
 .bss.xPendingReadyList
                0x00802cb7        0xb FreeRTOS/tasks.o
 .bss.pxOverflowDelayedTaskList
                0x00802cc2        0x2 FreeRTOS/tasks.o
 .bss.pxDelayedTaskList
                0x00802cc4        0x2 FreeRTOS/tasks.o
 .bss.xDelayedTaskList2
                0x00802cc6        0xb FreeRTOS/tasks.o
 .bss.xDelayedTaskList1
                0x00802cd1        0xb FreeRTOS/tasks.o
 .bss.pxReadyTasksLists
                0x00802cdc       0x2c FreeRTOS/tasks.o
 .bss.pxCurrentTCB
                0x00802d08        0x2 FreeRTOS/tasks.o
                0x00802d08                pxCurrentTCB
 .bss.xLastTime.4745
                0x00802d0a        0x4 FreeRTOS/timers.o
 .bss.xTimerTaskHandle
                0x00802d0e        0x2 FreeRTOS/timers.o
 .bss.xTimerQueue
                0x00802d10        0x2 FreeRTOS/timers.o
 .bss.pxOverflowTimerList
                0x00802d12        0x2 FreeRTOS/timers.o
 .bss.pxCurrentTimerList
                0x00802d14        0x2 FreeRTOS/timers.o
 .bss.xActiveTimerList2
                0x00802d16        0xb FreeRTOS/timers.o
 .bss.xActiveTimerList1
                0x00802d21        0xb FreeRTOS/timers.o
 .bss.counter   0x00802d2c        0x8 main.o
                0x00802d2c                counter
 .bss.zeit      0x00802d34        0x2 main.o
                0x00802d34                zeit
 .bss.zeitlauft
                0x00802d36        0x2 main.o
                0x00802d36                zeitlauft
 .bss.pii       0x00802d38        0x8 main.o
                0x00802d38                pii
 .bss.str.4996  0x00802d40       0x14 NHD0420Driver.o
 .bss.buffer.4995
                0x00802d54       0x14 NHD0420Driver.o
 *(COMMON)
 COMMON         0x00802d68        0x4 ButtonHandler.o
                0x00802d68                b1Status
                0x00802d69                b2Status
                0x00802d6a                b3Status
                0x00802d6b                b4Status
 COMMON         0x00802d6c        0x1 FreeRTOS/port.o
                0x00802d6c                intTaskSwitchPending
 COMMON         0x00802d6d       0x18 main.o
                0x00802d6d                Pistring
                0x00802d81                PiTask
                0x00802d83                piieventgroup
 COMMON         0x00802d85        0x4 NHD0420Driver.o
                0x00802d85                displayLineQueue
                0x00802d87                egDisplayTiming
                0x00802d89                PROVIDE (__bss_end, .)
                0x0000727c                __data_load_start = LOADADDR (.data)
                0x000072d4                __data_load_end = (__data_load_start + SIZEOF (.data))

.noinit         0x00802d89        0x0
                [!provide]                PROVIDE (__noinit_start, .)
 *(.noinit*)
                [!provide]                PROVIDE (__noinit_end, .)
                0x00802d89                _end = .
                0x00802d89                PROVIDE (__heap_start, .)

.eeprom         0x00810000        0x0
 *(.eeprom*)
                0x00810000                __eeprom_end = .

.fuse
 *(.fuse)
 *(.lfuse)
 *(.hfuse)
 *(.efuse)

.lock
 *(.lock*)

.signature
 *(.signature*)

.user_signatures
 *(.user_signatures*)

.stab
 *(.stab)

.stabstr
 *(.stabstr)

.stab.excl
 *(.stab.excl)

.stab.exclstr
 *(.stab.exclstr)

.stab.index
 *(.stab.index)

.stab.indexstr
 *(.stab.indexstr)

.comment        0x00000000       0x5c
 *(.comment)
 .comment       0x00000000       0x30 avr_f64.o
                                 0x31 (size before relaxing)
 .comment       0x00000030       0x31 ButtonHandler.o
 .comment       0x00000030       0x31 driver/clksys_driver.o
 .comment       0x00000030       0x31 driver/TC_driver.o
 .comment       0x00000030       0x31 errorHandler.o
 .comment       0x00000030       0x31 FreeRTOS/event_groups.o
 .comment       0x00000030       0x31 FreeRTOS/heap_1.o
 .comment       0x00000030       0x31 FreeRTOS/list.o
 .comment       0x00000030       0x31 FreeRTOS/port.o
 .comment       0x00000030       0x31 FreeRTOS/queue.o
 .comment       0x00000030       0x31 FreeRTOS/tasks.o
 .comment       0x00000030       0x31 FreeRTOS/timers.o
 .comment       0x00000030       0x31 init.o
 .comment       0x00000030       0x31 main.o
 .comment       0x00000030       0x31 mem_check.o
 .comment       0x00000030       0x31 NHD0420Driver.o
 .comment       0x00000030       0x31 utils.o
 .comment       0x00000030       0x2c c:/program files (x86)/atmel/studio/7.0/toolchain/avr8/avr8-gnu-toolchain/bin/../lib/gcc/avr/5.4.0/../../../../avr/lib/avrxmega6\libprintf_flt.a(vfprintf_flt.o)
                                 0x2d (size before relaxing)
 .comment       0x0000005c       0x31 c:/program files (x86)/atmel/studio/7.0/toolchain/avr8/avr8-gnu-toolchain/bin/../lib/gcc/avr/5.4.0/../../../../avr/lib/avrxmega6\libc.a(fputc.o)
 .comment       0x0000005c       0x31 c:/program files (x86)/atmel/studio/7.0/toolchain/avr8/avr8-gnu-toolchain/bin/../lib/gcc/avr/5.4.0/../../../../avr/lib/avrxmega6\libc.a(sprintf.o)

.note.gnu.avr.deviceinfo
                0x00000000       0x40
 .note.gnu.avr.deviceinfo
                0x00000000       0x40 C:/Program Files (x86)/Atmel/Studio/7.0/Packs/atmel/XMEGAA_DFP/1.1.68/gcc/dev/atxmega128a3u/avrxmega6/crtatxmega128a3u.o

.note.gnu.build-id
 *(.note.gnu.build-id)

.debug
 *(.debug)

.line
 *(.line)

.debug_srcinfo
 *(.debug_srcinfo)

.debug_sfnames
 *(.debug_sfnames)

.debug_aranges  0x00000000      0x808
 *(.debug_aranges)
 .debug_aranges
                0x00000000       0x90 avr_f64.o
 .debug_aranges
                0x00000090       0x30 ButtonHandler.o
 .debug_aranges
                0x000000c0       0x68 driver/clksys_driver.o
 .debug_aranges
                0x00000128       0xc8 driver/TC_driver.o
 .debug_aranges
                0x000001f0       0x40 errorHandler.o
 .debug_aranges
                0x00000230       0x80 FreeRTOS/event_groups.o
 .debug_aranges
                0x000002b0       0x38 FreeRTOS/heap_1.o
 .debug_aranges
                0x000002e8       0x40 FreeRTOS/list.o
 .debug_aranges
                0x00000328       0x50 FreeRTOS/port.o
 .debug_aranges
                0x00000378      0x100 FreeRTOS/queue.o
 .debug_aranges
                0x00000478      0x180 FreeRTOS/tasks.o
 .debug_aranges
                0x000005f8       0xa8 FreeRTOS/timers.o
 .debug_aranges
                0x000006a0       0x20 init.o
 .debug_aranges
                0x000006c0       0x50 main.o
 .debug_aranges
                0x00000710       0x28 mem_check.o
 .debug_aranges
                0x00000738       0xb0 NHD0420Driver.o
 .debug_aranges
                0x000007e8       0x20 utils.o

.debug_pubnames
 *(.debug_pubnames)

.debug_info     0x00000000    0x1001c
 *(.debug_info .gnu.linkonce.wi.*)
 .debug_info    0x00000000     0x3409 C:/Program Files (x86)/Atmel/Studio/7.0/Packs/atmel/XMEGAA_DFP/1.1.68/gcc/dev/atxmega128a3u/avrxmega6/crtatxmega128a3u.o
 .debug_info    0x00003409     0x1368 avr_f64.o
 .debug_info    0x00004771      0x35d ButtonHandler.o
 .debug_info    0x00004ace      0x66d driver/clksys_driver.o
 .debug_info    0x0000513b     0x1335 driver/TC_driver.o
 .debug_info    0x00006470      0x247 errorHandler.o
 .debug_info    0x000066b7      0xc58 FreeRTOS/event_groups.o
 .debug_info    0x0000730f      0x1a0 FreeRTOS/heap_1.o
 .debug_info    0x000074af      0x2cf FreeRTOS/list.o
 .debug_info    0x0000777e      0xadf FreeRTOS/port.o
 .debug_info    0x0000825d     0x198f FreeRTOS/queue.o
 .debug_info    0x00009bec     0x22f3 FreeRTOS/tasks.o
 .debug_info    0x0000bedf     0x12ac FreeRTOS/timers.o
 .debug_info    0x0000d18b      0x338 init.o
 .debug_info    0x0000d4c3      0xeec main.o
 .debug_info    0x0000e3af       0xd0 mem_check.o
 .debug_info    0x0000e47f     0x1a83 NHD0420Driver.o
 .debug_info    0x0000ff02      0x11a utils.o

.debug_abbrev   0x00000000     0x5301
 *(.debug_abbrev)
 .debug_abbrev  0x00000000     0x3148 C:/Program Files (x86)/Atmel/Studio/7.0/Packs/atmel/XMEGAA_DFP/1.1.68/gcc/dev/atxmega128a3u/avrxmega6/crtatxmega128a3u.o
 .debug_abbrev  0x00003148      0x322 avr_f64.o
 .debug_abbrev  0x0000346a      0x111 ButtonHandler.o
 .debug_abbrev  0x0000357b      0x19d driver/clksys_driver.o
 .debug_abbrev  0x00003718      0x187 driver/TC_driver.o
 .debug_abbrev  0x0000389f      0x187 errorHandler.o
 .debug_abbrev  0x00003a26      0x237 FreeRTOS/event_groups.o
 .debug_abbrev  0x00003c5d      0x136 FreeRTOS/heap_1.o
 .debug_abbrev  0x00003d93       0xff FreeRTOS/list.o
 .debug_abbrev  0x00003e92      0x29d FreeRTOS/port.o
 .debug_abbrev  0x0000412f      0x2e0 FreeRTOS/queue.o
 .debug_abbrev  0x0000440f      0x35e FreeRTOS/tasks.o
 .debug_abbrev  0x0000476d      0x2fc FreeRTOS/timers.o
 .debug_abbrev  0x00004a69       0xd5 init.o
 .debug_abbrev  0x00004b3e      0x23a main.o
 .debug_abbrev  0x00004d78       0x96 mem_check.o
 .debug_abbrev  0x00004e0e      0x445 NHD0420Driver.o
 .debug_abbrev  0x00005253       0xae utils.o

.debug_line     0x00000000     0x5cbc
 *(.debug_line .debug_line.* .debug_line_end)
 .debug_line    0x00000000      0x39d C:/Program Files (x86)/Atmel/Studio/7.0/Packs/atmel/XMEGAA_DFP/1.1.68/gcc/dev/atxmega128a3u/avrxmega6/crtatxmega128a3u.o
 .debug_line    0x0000039d      0xdf5 avr_f64.o
 .debug_line    0x00001192      0x25f ButtonHandler.o
 .debug_line    0x000013f1      0x249 driver/clksys_driver.o
 .debug_line    0x0000163a      0x2fc driver/TC_driver.o
 .debug_line    0x00001936      0x187 errorHandler.o
 .debug_line    0x00001abd      0x4aa FreeRTOS/event_groups.o
 .debug_line    0x00001f67      0x14c FreeRTOS/heap_1.o
 .debug_line    0x000020b3      0x1ea FreeRTOS/list.o
 .debug_line    0x0000229d      0x37e FreeRTOS/port.o
 .debug_line    0x0000261b      0xd1a FreeRTOS/queue.o
 .debug_line    0x00003335     0x12c5 FreeRTOS/tasks.o
 .debug_line    0x000045fa      0x57d FreeRTOS/timers.o
 .debug_line    0x00004b77      0x181 init.o
 .debug_line    0x00004cf8      0x41f main.o
 .debug_line    0x00005117       0x72 mem_check.o
 .debug_line    0x00005189      0x9cb NHD0420Driver.o
 .debug_line    0x00005b54      0x168 utils.o

.debug_frame    0x00000000     0x1d8c
 *(.debug_frame)
 .debug_frame   0x00000000      0x5cc avr_f64.o
 .debug_frame   0x000005cc       0x44 ButtonHandler.o
 .debug_frame   0x00000610       0xdc driver/clksys_driver.o
 .debug_frame   0x000006ec      0x174 driver/TC_driver.o
 .debug_frame   0x00000860       0x64 errorHandler.o
 .debug_frame   0x000008c4      0x228 FreeRTOS/event_groups.o
 .debug_frame   0x00000aec       0x60 FreeRTOS/heap_1.o
 .debug_frame   0x00000b4c       0x90 FreeRTOS/list.o
 .debug_frame   0x00000bdc       0xa0 FreeRTOS/port.o
 .debug_frame   0x00000c7c      0x418 FreeRTOS/queue.o
 .debug_frame   0x00001094      0x690 FreeRTOS/tasks.o
 .debug_frame   0x00001724      0x2ac FreeRTOS/timers.o
 .debug_frame   0x000019d0       0x24 init.o
 .debug_frame   0x000019f4       0xc8 main.o
 .debug_frame   0x00001abc       0x34 mem_check.o
 .debug_frame   0x00001af0      0x278 NHD0420Driver.o
 .debug_frame   0x00001d68       0x24 utils.o

.debug_str      0x00000000     0x5ab4
 *(.debug_str)
 .debug_str     0x00000000     0x223b C:/Program Files (x86)/Atmel/Studio/7.0/Packs/atmel/XMEGAA_DFP/1.1.68/gcc/dev/atxmega128a3u/avrxmega6/crtatxmega128a3u.o
 .debug_str     0x0000223b      0x41a avr_f64.o
                                0x481 (size before relaxing)
 .debug_str     0x00002655      0x1da ButtonHandler.o
                                0x380 (size before relaxing)
 .debug_str     0x0000282f      0x640 driver/clksys_driver.o
                                0x7fc (size before relaxing)
 .debug_str     0x00002e6f      0xac4 driver/TC_driver.o
                                0xcf9 (size before relaxing)
 .debug_str     0x00003933       0xaa errorHandler.o
                                0x285 (size before relaxing)
 .debug_str     0x000039dd      0x531 FreeRTOS/event_groups.o
                                0x783 (size before relaxing)
 .debug_str     0x00003f0e       0x8a FreeRTOS/heap_1.o
                                0x25a (size before relaxing)
 .debug_str     0x00003f98       0x90 FreeRTOS/list.o
                                0x2f0 (size before relaxing)
 .debug_str     0x00004028      0x141 FreeRTOS/port.o
                                0x880 (size before relaxing)
 .debug_str     0x00004169      0x543 FreeRTOS/queue.o
                                0x971 (size before relaxing)
 .debug_str     0x000046ac      0x972 FreeRTOS/tasks.o
                               0x1021 (size before relaxing)
 .debug_str     0x0000501e      0x4d4 FreeRTOS/timers.o
                                0x91c (size before relaxing)
 .debug_str     0x000054f2       0x17 init.o
                                0x541 (size before relaxing)
 .debug_str     0x00005509      0x35e main.o
                                0x8fc (size before relaxing)
 .debug_str     0x00005867       0x49 mem_check.o
                                0x1e5 (size before relaxing)
 .debug_str     0x000058b0      0x1eb NHD0420Driver.o
                                0xaeb (size before relaxing)
 .debug_str     0x00005a9b       0x19 utils.o
                                0x26f (size before relaxing)

.debug_loc      0x00000000     0xbf70
 *(.debug_loc)
 .debug_loc     0x00000000     0x2afb avr_f64.o
 .debug_loc     0x00002afb       0x85 ButtonHandler.o
 .debug_loc     0x00002b80      0x2cf driver/clksys_driver.o
 .debug_loc     0x00002e4f      0x336 driver/TC_driver.o
 .debug_loc     0x00003185       0x97 errorHandler.o
 .debug_loc     0x0000321c     0x1086 FreeRTOS/event_groups.o
 .debug_loc     0x000042a2       0xf1 FreeRTOS/heap_1.o
 .debug_loc     0x00004393      0x17d FreeRTOS/list.o
 .debug_loc     0x00004510      0x33e FreeRTOS/port.o
 .debug_loc     0x0000484e     0x1d3d FreeRTOS/queue.o
 .debug_loc     0x0000658b     0x2997 FreeRTOS/tasks.o
 .debug_loc     0x00008f22     0x1038 FreeRTOS/timers.o
 .debug_loc     0x00009f5a      0x926 main.o
 .debug_loc     0x0000a880       0x24 mem_check.o
 .debug_loc     0x0000a8a4     0x1665 NHD0420Driver.o
 .debug_loc     0x0000bf09       0x67 utils.o

.debug_macinfo
 *(.debug_macinfo)

.debug_weaknames
 *(.debug_weaknames)

.debug_funcnames
 *(.debug_funcnames)

.debug_typenames
 *(.debug_typenames)

.debug_varnames
 *(.debug_varnames)

.debug_pubtypes
 *(.debug_pubtypes)

.debug_ranges   0x00000000      0x8b8
 *(.debug_ranges)
 .debug_ranges  0x00000000       0xa0 avr_f64.o
 .debug_ranges  0x000000a0       0x20 ButtonHandler.o
 .debug_ranges  0x000000c0       0x58 driver/clksys_driver.o
 .debug_ranges  0x00000118       0xb8 driver/TC_driver.o
 .debug_ranges  0x000001d0       0x30 errorHandler.o
 .debug_ranges  0x00000200       0x88 FreeRTOS/event_groups.o
 .debug_ranges  0x00000288       0x28 FreeRTOS/heap_1.o
 .debug_ranges  0x000002b0       0x30 FreeRTOS/list.o
 .debug_ranges  0x000002e0       0x40 FreeRTOS/port.o
 .debug_ranges  0x00000320      0x138 FreeRTOS/queue.o
 .debug_ranges  0x00000458      0x1d0 FreeRTOS/tasks.o
 .debug_ranges  0x00000628       0xe8 FreeRTOS/timers.o
 .debug_ranges  0x00000710       0x10 init.o
 .debug_ranges  0x00000720       0x40 main.o
 .debug_ranges  0x00000760       0x18 mem_check.o
 .debug_ranges  0x00000778      0x130 NHD0420Driver.o
 .debug_ranges  0x000008a8       0x10 utils.o

.debug_macro
 *(.debug_macro)
OUTPUT(Pi_berechnung_MichaelMeier.elf elf32-avr)
LOAD linker stubs
